// Vitest Snapshot v1, https://vitest.dev/guide/snapshot.html

exports[`TechStackSection Component > matches snapshot 1`] = `
<div>
  <div
    class="MuiBox-root css-1l315rj"
  >
    <div
      class="MuiContainer-root MuiContainer-maxWidthMd css-tsvym-MuiContainer-root"
    >
      <h2
        class="MuiTypography-root MuiTypography-h4 MuiTypography-gutterBottom css-1it4a80-MuiTypography-root"
        font-weight="700"
      >
        Powered by Modern Technology
      </h2>
      <h6
        class="MuiTypography-root MuiTypography-subtitle1 css-1i3tsf3-MuiTypography-root"
        mb="6"
      >
        Built for scale, speed, and real-time intelligence.
      </h6>
      <div
        class="MuiStack-root css-1rm5i4h-MuiStack-root"
      >
        <div
          class="MuiChip-root MuiChip-filled MuiChip-sizeMedium MuiChip-colorDefault css-ad0h5o-MuiChip-root"
        >
          <span
            class="MuiChip-label css-1dybbl5-MuiChip-label"
          >
            React
          </span>
        </div>
        <div
          class="MuiChip-root MuiChip-filled MuiChip-sizeMedium MuiChip-colorDefault css-ad0h5o-MuiChip-root"
        >
          <span
            class="MuiChip-label css-1dybbl5-MuiChip-label"
          >
            Node.js
          </span>
        </div>
        <div
          class="MuiChip-root MuiChip-filled MuiChip-sizeMedium MuiChip-colorDefault css-ad0h5o-MuiChip-root"
        >
          <span
            class="MuiChip-label css-1dybbl5-MuiChip-label"
          >
            Firebase
          </span>
        </div>
        <div
          class="MuiChip-root MuiChip-filled MuiChip-sizeMedium MuiChip-colorDefault css-ad0h5o-MuiChip-root"
        >
          <span
            class="MuiChip-label css-1dybbl5-MuiChip-label"
          >
            Google Gemini AI
          </span>
        </div>
        <div
          class="MuiChip-root MuiChip-filled MuiChip-sizeMedium MuiChip-colorDefault css-ad0h5o-MuiChip-root"
        >
          <span
            class="MuiChip-label css-1dybbl5-MuiChip-label"
          >
            Leaflet
          </span>
        </div>
        <div
          class="MuiChip-root MuiChip-filled MuiChip-sizeMedium MuiChip-colorDefault css-ad0h5o-MuiChip-root"
        >
          <span
            class="MuiChip-label css-1dybbl5-MuiChip-label"
          >
            Material UI
          </span>
        </div>
      </div>
    </div>
  </div>
</div>
`;

exports[`TechStackSection Component matches snapshot 1`] = `
<div>
  <div
    class="MuiBox-root css-1l315rj"
  >
    <div
      class="MuiContainer-root MuiContainer-maxWidthMd css-tsvym-MuiContainer-root"
    >
      <h2
        class="MuiTypography-root MuiTypography-h4 MuiTypography-gutterBottom css-1it4a80-MuiTypography-root"
        font-weight="700"
      >
        Powered by Modern Technology
      </h2>
      <h6
        class="MuiTypography-root MuiTypography-subtitle1 css-1i3tsf3-MuiTypography-root"
        mb="6"
      >
        Built for scale, speed, and real-time intelligence.
      </h6>
      <div
        class="MuiStack-root css-1rm5i4h-MuiStack-root"
      >
        <div
          class="MuiChip-root MuiChip-filled MuiChip-sizeMedium MuiChip-colorDefault css-ad0h5o-MuiChip-root"
        >
          <span
            class="MuiChip-label css-1dybbl5-MuiChip-label"
          >
            React
          </span>
        </div>
        <div
          class="MuiChip-root MuiChip-filled MuiChip-sizeMedium MuiChip-colorDefault css-ad0h5o-MuiChip-root"
        >
          <span
            class="MuiChip-label css-1dybbl5-MuiChip-label"
          >
            Node.js
          </span>
        </div>
        <div
          class="MuiChip-root MuiChip-filled MuiChip-sizeMedium MuiChip-colorDefault css-ad0h5o-MuiChip-root"
        >
          <span
            class="MuiChip-label css-1dybbl5-MuiChip-label"
          >
            Firebase
          </span>
        </div>
        <div
          class="MuiChip-root MuiChip-filled MuiChip-sizeMedium MuiChip-colorDefault css-ad0h5o-MuiChip-root"
        >
          <span
            class="MuiChip-label css-1dybbl5-MuiChip-label"
          >
            Google Gemini AI
          </span>
        </div>
        <div
          class="MuiChip-root MuiChip-filled MuiChip-sizeMedium MuiChip-colorDefault css-ad0h5o-MuiChip-root"
        >
          <span
            class="MuiChip-label css-1dybbl5-MuiChip-label"
          >
            Leaflet
          </span>
        </div>
        <div
          class="MuiChip-root MuiChip-filled MuiChip-sizeMedium MuiChip-colorDefault css-ad0h5o-MuiChip-root"
        >
          <span
            class="MuiChip-label css-1dybbl5-MuiChip-label"
          >
            Material UI
          </span>
        </div>
      </div>
    </div>
  </div>
</div>
`;
